// Jest Snapshot v1, https://goo.gl/fbAQLP

exports[`Config Config should match snapshot 1`] = `
<div>
  <div
    class="hs-layout  hs-row-layout  my-example"
  >
    <div
      class="hs-layout  "
      style="left: 0%; right: 0%; top: 0px; height: 30px;"
    >
      <div
        class="hs-layout  hs-column-layout "
      >
        <div
          class="hs-layout  "
          style="top: 0%; bottom: 0%; left: 0px; width: 200px;"
        >
          <div
            class="hs-leaf"
          >
            left head
          </div>
        </div>
        <div
          class="hs-layout  "
          style="top: 0%; bottom: 0%; left: 200px; right: 0px; width: auto;"
        >
          <div
            class="hs-leaf"
          >
            main head
          </div>
        </div>
      </div>
    </div>
    <div
      class="hs-layout  "
      style="left: 0%; right: 0%; top: 30px; bottom: 10px; height: auto;"
    >
      <div
        class="hs-layout  hs-column-layout "
      >
        <div
          class="hs-layout  "
          style="top: 0%; bottom: 0%; left: 0px; width: 200px;"
        >
          <div
            class="hs-leaf"
          >
            left nav
          </div>
        </div>
        <div
          class="hs-layout  "
          style="top: 0%; bottom: 0%; left: 200px; right: 0px; width: auto;"
        >
          <div
            class="hs-leaf"
          >
            main nav
          </div>
        </div>
      </div>
    </div>
    <div
      class="hs-layout  "
      style="left: 0%; right: 0%; bottom: 0px; height: 10px;"
    >
      <div
        class="hs-layout   hs-site-footer"
      >
        <div
          class="hs-layout  "
        >
          <div
            class="hs-leaf"
          >
            (c) Helpful ; Scripts
          </div>
        </div>
      </div>
    </div>
  </div>
</div>
`;

exports[`Config file Config from file should match snapshot 1`] = `
<div>
  <div
    class="hs-layout  hs-row-layout  my-example"
  >
    <div
      class="hs-layout  "
      style="left: 0%; right: 0%; top: 0px; height: 30px;"
    >
      <div
        class="hs-layout  hs-column-layout "
      >
        <div
          class="hs-layout  "
          style="top: 0%; bottom: 0%; left: 0px; width: 200px;"
        >
          <div
            class="hs-leaf"
          >
            left head
          </div>
        </div>
        <div
          class="hs-layout  "
          style="top: 0%; bottom: 0%; left: 200px; right: 0px; width: auto;"
        >
          <div
            class="hs-leaf"
          >
            main head
          </div>
        </div>
      </div>
    </div>
    <div
      class="hs-layout  "
      style="left: 0%; right: 0%; top: 30px; bottom: 10px; height: auto;"
    >
      <div
        class="hs-layout  hs-column-layout "
      >
        <div
          class="hs-layout  "
          style="top: 0%; bottom: 0%; left: 0px; width: 200px;"
        >
          <div
            class="hs-leaf"
          >
            left nav
          </div>
        </div>
        <div
          class="hs-layout  "
          style="top: 0%; bottom: 0%; left: 200px; right: 0px; width: auto;"
        >
          <div
            class="hs-leaf"
          >
            main nav
          </div>
        </div>
      </div>
    </div>
    <div
      class="hs-layout  "
      style="left: 0%; right: 0%; bottom: 0px; height: 10px;"
    >
      <div
        class="hs-layout   hs-site-footer"
      >
        <div
          class="hs-layout  "
        >
          <div
            class="hs-leaf"
          >
            (c) Helpful ; Scripts
          </div>
        </div>
      </div>
    </div>
  </div>
</div>
`;
